D:\Semester 4\Strategi Algoritma\Tucil 1\Tucil1_13524010\my-app\src\main\java\com\mycompany\app\App.java
D:\Semester 4\Strategi Algoritma\Tucil 1\Tucil1_13524010\my-app\src\main\java\com\mycompany\app\backend\controller\BoardUI.java
D:\Semester 4\Strategi Algoritma\Tucil 1\Tucil1_13524010\my-app\src\main\java\com\mycompany\app\backend\controller\ButtonsUI.java
D:\Semester 4\Strategi Algoritma\Tucil 1\Tucil1_13524010\my-app\src\main\java\com\mycompany\app\backend\controller\PaletteUI.java
D:\Semester 4\Strategi Algoritma\Tucil 1\Tucil1_13524010\my-app\src\main\java\com\mycompany\app\backend\data\BoardObject.java
D:\Semester 4\Strategi Algoritma\Tucil 1\Tucil1_13524010\my-app\src\main\java\com\mycompany\app\backend\data\BruteSolver.java
D:\Semester 4\Strategi Algoritma\Tucil 1\Tucil1_13524010\my-app\src\main\java\com\mycompany\app\backend\data\ColorObject.java
D:\Semester 4\Strategi Algoritma\Tucil 1\Tucil1_13524010\my-app\src\main\java\com\mycompany\app\backend\data\FileReader.java
D:\Semester 4\Strategi Algoritma\Tucil 1\Tucil1_13524010\my-app\src\main\java\com\mycompany\app\backend\data\GameLogic.java
D:\Semester 4\Strategi Algoritma\Tucil 1\Tucil1_13524010\my-app\src\main\java\com\mycompany\app\backend\data\SolutionObject.java
D:\Semester 4\Strategi Algoritma\Tucil 1\Tucil1_13524010\my-app\src\main\java\com\mycompany\app\frontend\EditMenu.java
D:\Semester 4\Strategi Algoritma\Tucil 1\Tucil1_13524010\my-app\src\main\java\com\mycompany\app\frontend\MainMenu.java
